// Jest Snapshot v1, https://goo.gl/fbAQLP

exports[`TheLogo renders correctly 1`] = `
"<div class="flex flex-row-reverse items-center gap-1"><img src="@/assets/images/logo/icon.svg" alt="icon" loading="lazy">
  <div class="flex flex-col items-end mt-2"><span class="flex flex-row-reverse"><img src="@/assets/images/logo/m.svg" alt="icon" loading="lazy"> <img src="@/assets/images/logo/a.svg" alt="icon" loading="lazy"> <img src="@/assets/images/logo/z.svg" alt="icon" loading="lazy"> <img src="@/assets/images/logo/a2.svg" alt="icon" loading="lazy"> <img src="@/assets/images/logo/a3.svg" alt="icon" loading="lazy"> <img src="@/assets/images/logo/d.svg" alt="icon" loading="lazy"> <img src="@/assets/images/logo/y.svg" alt="icon" loading="lazy"></span> <img src="@/assets/images/logo/back.svg" alt="icon" loading="lazy" class="mt-1"></div>
</div>"
`;

exports[`renders correctly 1`] = `
"<div class="flex flex-row-reverse items-center gap-1"><img src="@/assets/images/logo/icon.svg" alt="icon" loading="lazy">
  <div class="flex flex-col items-end mt-2"><span class="flex flex-row-reverse"><img src="@/assets/images/logo/m.svg" alt="icon" loading="lazy"> <img src="@/assets/images/logo/a.svg" alt="icon" loading="lazy"> <img src="@/assets/images/logo/z.svg" alt="icon" loading="lazy"> <img src="@/assets/images/logo/a2.svg" alt="icon" loading="lazy"> <img src="@/assets/images/logo/a3.svg" alt="icon" loading="lazy"> <img src="@/assets/images/logo/d.svg" alt="icon" loading="lazy"> <img src="@/assets/images/logo/y.svg" alt="icon" loading="lazy"></span> <img src="@/assets/images/logo/back.svg" alt="icon" loading="lazy" class="mt-1"></div>
</div>"
`;
